class CrazyMethodInvocations extends Object{ //[1]
  public int method1() { //[2]
    return 5; //[3]
  } //[4]
  //[5]
  public int method2(final int i) { //[6]
    return i + 7; //[7]
  } //[8]
  //[9]
  public int method3(final int i, final int j) { //[10]
    return i*j+42; //[11]
  } //[12]
  //[13]
  public int method4(final int i, final int j, final int k) { //[14]
    return i+j+k*5; //[15]
  } //[16]
  //[17]
  public int mainMethod() { //[18]
    final int h = method1(); //[19]
    final int i = method2(h); //[20]
    final int j = method3(h,i); //[21]
    final int k = method4(h,i,j); //[22]
    return k; //[23]
  } //[24]
  //[25]

  /** This method is automatically generated by the Language Level Converter. */
  public CrazyMethodInvocations() {
    super();
  }

  /** This method is automatically generated by the Language Level Converter. */
  public java.lang.String toString() {
    return getClass().getName() + "(" + 
        ")";
  }

  /** This method is automatically generated by the Language Level Converter. */
  public boolean equals(java.lang.Object o) {
    if (this == o) {
      return true;
    }
    else if ((o == null) || (! o.getClass().equals(getClass()))) {
      return false;
    }
    else {
      CrazyMethodInvocations cast = ((CrazyMethodInvocations) o);
      return true;
    }
  }

  /** This method is automatically generated by the Language Level Converter. */
  public int hashCode() {
    return getClass().hashCode();
  }
} //[26]