//This tests that multiple classes can be defined in one file at the Elementary level. //[1]
//[2]
class OneClass { //[3]
  private final int i; //[4]

  /** This method is automatically generated by the Language Level Converter. */
  public OneClass(int i) {
    super();
    this.i = i;
  }

  /** This method is automatically generated by the Language Level Converter. */
  public int i() {
    return i;
  }

  /** This method is automatically generated by the Language Level Converter. */
  public java.lang.String toString() {
    return getClass().getName() + "(" + 
        i() + 
        ")";
  }

  /** This method is automatically generated by the Language Level Converter. */
  public boolean equals(java.lang.Object o) {
    if (this == o) {
      return true;
    }
    else if ((o == null) || (! o.getClass().equals(getClass()))) {
      return false;
    }
    else {
      OneClass cast = ((OneClass) o);
      return (i() == cast.i());
    }
  }

  /** This method is automatically generated by the Language Level Converter. */
  public int hashCode() {
    return getClass().hashCode() ^ 
        i();
  }
} //[5]
//[6]
class TwoClass { //[7]
  private final int ii; //[8]

  /** This method is automatically generated by the Language Level Converter. */
  public TwoClass(int ii) {
    super();
    this.ii = ii;
  }

  /** This method is automatically generated by the Language Level Converter. */
  public int ii() {
    return ii;
  }

  /** This method is automatically generated by the Language Level Converter. */
  public java.lang.String toString() {
    return getClass().getName() + "(" + 
        ii() + 
        ")";
  }

  /** This method is automatically generated by the Language Level Converter. */
  public boolean equals(java.lang.Object o) {
    if (this == o) {
      return true;
    }
    else if ((o == null) || (! o.getClass().equals(getClass()))) {
      return false;
    }
    else {
      TwoClass cast = ((TwoClass) o);
      return (ii() == cast.ii());
    }
  }

  /** This method is automatically generated by the Language Level Converter. */
  public int hashCode() {
    return getClass().hashCode() ^ 
        ii();
  }
} //[9]
//[10]
class ThreeClass { //[11]
  private final int iii; //[12]

  /** This method is automatically generated by the Language Level Converter. */
  public ThreeClass(int iii) {
    super();
    this.iii = iii;
  }

  /** This method is automatically generated by the Language Level Converter. */
  public int iii() {
    return iii;
  }

  /** This method is automatically generated by the Language Level Converter. */
  public java.lang.String toString() {
    return getClass().getName() + "(" + 
        iii() + 
        ")";
  }

  /** This method is automatically generated by the Language Level Converter. */
  public boolean equals(java.lang.Object o) {
    if (this == o) {
      return true;
    }
    else if ((o == null) || (! o.getClass().equals(getClass()))) {
      return false;
    }
    else {
      ThreeClass cast = ((ThreeClass) o);
      return (iii() == cast.iii());
    }
  }

  /** This method is automatically generated by the Language Level Converter. */
  public int hashCode() {
    return getClass().hashCode() ^ 
        iii();
  }
} //[13]