class Sherlock extends Object { //[1]
  private final AFriend _friend; //[2]
  //[3]
  public int foo() { //[4]
    System.out.println("You're my friend, " + _friend.getName()); //[5]
    return 5; //[6]
  } //[7]

  /** This method is automatically generated by the Language Level Converter. */
  public Sherlock(AFriend _friend) {
    super();
    this._friend = _friend;
  }

  /** This method is automatically generated by the Language Level Converter. */
  public AFriend _friend() {
    return _friend;
  }

  /** This method is automatically generated by the Language Level Converter. */
  public java.lang.String toString() {
    return getClass().getName() + "(" + 
        _friend() + 
        ")";
  }

  /** This method is automatically generated by the Language Level Converter. */
  public boolean equals(java.lang.Object o) {
    if (this == o) {
      return true;
    }
    else if ((o == null) || (! o.getClass().equals(getClass()))) {
      return false;
    }
    else {
      Sherlock cast = ((Sherlock) o);
      return (_friend() != null && _friend().equals(cast._friend()));
    }
  }

  /** This method is automatically generated by the Language Level Converter. */
  public int hashCode() {
    return getClass().hashCode() ^ 
        (_friend() == null ? 0 : _friend().hashCode());
  }
} //[8]

