class Testing5 extends Object{ //[1]
  private final boolean b; //[2]
  private final char c, d; //[3]
  private final int i,  //[4]
    j; //[5]
  private final double dd; //[6]
  //[7]
  //System.out.println("kadjfk"); //[8]
  //[9]
  public boolean myMethod() { //[10]
    return false; //[11]
  } //[12]
  //[13]
  public boolean c(final char  //[14]
              toSetTo)  { //[15]
              b(1+1, 34, 'a', true); //[16]
              return  //[17]
    c  //[18]
    !=  //[19]
    toSetTo; //[20]
  } //[21]
  //[22]
  public boolean b(final int wuz, //[23]
            //[24]
            final double d,             //[25]
           //[26]
            final char up, //[27]
            //[28]
            final boolean doh) { //[29]
    return wuz==up; //[30]
  } //[31]
  //[32]

  /** This method is automatically generated by the Language Level Converter. */
  public Testing5(boolean b, char c, char d, int i, int j, double dd) {
    super();
    this.b = b;
    this.c = c;
    this.d = d;
    this.i = i;
    this.j = j;
    this.dd = dd;
  }

  /** This method is automatically generated by the Language Level Converter. */
  public boolean b() {
    return b;
  }

  /** This method is automatically generated by the Language Level Converter. */
  public char c() {
    return c;
  }

  /** This method is automatically generated by the Language Level Converter. */
  public char d() {
    return d;
  }

  /** This method is automatically generated by the Language Level Converter. */
  public int i() {
    return i;
  }

  /** This method is automatically generated by the Language Level Converter. */
  public int j() {
    return j;
  }

  /** This method is automatically generated by the Language Level Converter. */
  public double dd() {
    return dd;
  }

  /** This method is automatically generated by the Language Level Converter. */
  public java.lang.String toString() {
    return getClass().getName() + "(" + 
        b() + ", " + 
        c() + ", " + 
        d() + ", " + 
        i() + ", " + 
        j() + ", " + 
        dd() + 
        ")";
  }

  /** This method is automatically generated by the Language Level Converter. */
  public boolean equals(java.lang.Object o) {
    if (this == o) {
      return true;
    }
    else if ((o == null) || (! o.getClass().equals(getClass()))) {
      return false;
    }
    else {
      Testing5 cast = ((Testing5) o);
      return (b() == cast.b()) && 
          (c() == cast.c()) && 
          (d() == cast.d()) && 
          (i() == cast.i()) && 
          (j() == cast.j()) && 
          (dd() == cast.dd());
    }
  }

  /** This method is automatically generated by the Language Level Converter. */
  public int hashCode() {
    return getClass().hashCode() ^ 
        (b() ? 1 : 0) ^ 
        c() ^ 
        d() ^ 
        i() ^ 
        j() ^ 
        (int) dd();
  }
} //[33]
  //[34]
   //[35]