class AutoboxStuff { //[1]
//[2]
  public int method() { //[3]
    final Integer i = 3; //[4]
    final double d = i; //[5]
    final Object o = 6; //[6]
    return i; //[7]
  } //[8]
//[9]

  /** This method is automatically generated by the Language Level Converter. */
  public AutoboxStuff() {
    super();
  }

  /** This method is automatically generated by the Language Level Converter. */
  public java.lang.String toString() {
    return getClass().getName() + "(" + 
        ")";
  }

  /** This method is automatically generated by the Language Level Converter. */
  public boolean equals(java.lang.Object o) {
    if (this == o) {
      return true;
    }
    else if ((o == null) || (! o.getClass().equals(getClass()))) {
      return false;
    }
    else {
      AutoboxStuff cast = ((AutoboxStuff) o);
      return true;
    }
  }

  /** This method is automatically generated by the Language Level Converter. */
  public int hashCode() {
    return getClass().hashCode();
  }
}
