package forAdvancedLevelTest.importedFiles2; //[1]
//[2]
public class AlsoReferenced { //[3]
} //[4]