//This test makes sure that we know that user defined interfaces have the methods defined on Object

class CrazyUseOfInterface {
  private final MyInterface i;
  
  public String iString() {
    return i.toString();
  }

  /** This method is automatically generated by the Language Level Converter. */
  public CrazyUseOfInterface(MyInterface i) {
    super();
    this.i = i;
  }

  /** This method is automatically generated by the Language Level Converter. */
  public MyInterface i() {
    return i;
  }

  /** This method is automatically generated by the Language Level Converter. */
  public java.lang.String toString() {
    return getClass().getName() + "(" + 
        i() + 
        ")";
  }

  /** This method is automatically generated by the Language Level Converter. */
  public boolean equals(java.lang.Object o) {
    if (this == o) {
      return true;
    }
    else if ((o == null) || (! o.getClass().equals(getClass()))) {
      return false;
    }
    else {
      CrazyUseOfInterface cast = ((CrazyUseOfInterface) o);
      return (i() != null && i().equals(cast.i()));
    }
  }

  /** This method is automatically generated by the Language Level Converter. */
  public int hashCode() {
    return getClass().hashCode() ^ 
        (i() == null ? 0 : i().hashCode());
  }
}

interface MyInterface {
}