class FinallySavesTheDay { //[1]
  //[2]
  public int myMethod(final int i, final int j, final char c) { //[3]
    try { //[4]
      if (i+c < j) { //[5]
        throw new ClassNotFoundException("Someone had better catch me!"); //[6]
      } //[7]
      try { //[8]
        if (c < j) { //[9]
          throw new CloneNotSupportedException("And someone had better catch me too!"); //[10]
        } //[11]
        else throw new RuntimeException("No one needs to catch me"); //[12]
      } //[13]
      catch (final RuntimeException e) { //[14]
      } //[15]
      //[16]
      finally { //[17]
        return 5; //[18]
      } //[19]
    } //[20]
    //[21]
    catch (final ClassNotFoundException e) { //[22]
      throw new RuntimeException("I caught your exception, but you don't have to catch me."); //[23]
//      return 7; //[24]
    } //[25]
  } //[26]

  /** This method is automatically generated by the Language Level Converter. */
  public FinallySavesTheDay() {
    super();
  }

  /** This method is automatically generated by the Language Level Converter. */
  public java.lang.String toString() {
    return getClass().getName() + "(" + 
        ")";
  }

  /** This method is automatically generated by the Language Level Converter. */
  public boolean equals(java.lang.Object o) {
    if (this == o) {
      return true;
    }
    else if ((o == null) || (! o.getClass().equals(getClass()))) {
      return false;
    }
    else {
      FinallySavesTheDay cast = ((FinallySavesTheDay) o);
      return true;
    }
  }

  /** This method is automatically generated by the Language Level Converter. */
  public int hashCode() {
    return getClass().hashCode();
  }
} //[27]