//Here, we see that the methods of interfaces are always made public. //[1]
interface MyInterfaceYeah { //[2]
  public boolean equals(final Object o); //[3]
} //[4]