//This test makes sure that we allow narrowing of method return types in 1.5 //[1]
//[2]
class MyClass { //[3]
  public Object myField() { //[4]
    return new Object(); //[5]
  } //[6]

  /** This method is automatically generated by the Language Level Converter. */
  public MyClass() {
    super();
  }

  /** This method is automatically generated by the Language Level Converter. */
  public java.lang.String toString() {
    return getClass().getName() + "(" + 
        ")";
  }

  /** This method is automatically generated by the Language Level Converter. */
  public boolean equals(java.lang.Object o) {
    if (this == o) {
      return true;
    }
    else if ((o == null) || (! o.getClass().equals(getClass()))) {
      return false;
    }
    else {
      MyClass cast = ((MyClass) o);
      return true;
    }
  }

  /** This method is automatically generated by the Language Level Converter. */
  public int hashCode() {
    return getClass().hashCode();
  }
} //[7]
//[8]
class MyIntegerClass extends MyClass{ //[9]
  public Integer myField() { //[10]
    return new Integer(42); //[11]
  } //[12]

  /** This method is automatically generated by the Language Level Converter. */
  public MyIntegerClass() {
    super();
  }

  /** This method is automatically generated by the Language Level Converter. */
  public java.lang.String toString() {
    return getClass().getName() + "(" + 
        ")";
  }

  /** This method is automatically generated by the Language Level Converter. */
  public boolean equals(java.lang.Object o) {
    if (this == o) {
      return true;
    }
    else if ((o == null) || (! o.getClass().equals(getClass()))) {
      return false;
    }
    else {
      MyIntegerClass cast = ((MyIntegerClass) o);
      return true;
    }
  }

  /** This method is automatically generated by the Language Level Converter. */
  public int hashCode() {
    return getClass().hashCode();
  }
} //[13]