public class NEList implements IList2 { //[1]
//[2]
   private final Object _first; //[3]
   private final IList2 _rest; //[4]
//[5]
   //[6]
   public NEList() { //[7]
     _first = new Integer(1); //[8]
     _rest = MTList.Singleton; //[9]
   } //[10]
   //[11]
   public int sum() { //[12]
//[13]
     return ((Integer)_first) + _rest.sum(); //[14]
//[15]
   } //[16]
//[17]
   public String toString2() { //[18]
//[19]
    return "(" + _first + "," + _rest.toStringHelp() + ")"; //[20]
//[21]
   } //[22]
//[23]
   //[24]
//[25]
   public String toStringHelp() { //[26]
//[27]
     return " ," + _first + _rest.toStringHelp(); //[28]
//[29]
   } //[30]
//[31]
   public int getlength(){ //[32]
//[33]
    return _rest.getlengthHelp(1);  //[34]
//[35]
} //[36]
//[37]
   public int getlengthHelp(final int acc){ //[38]
//[39]
     return _rest.getlengthHelp(acc + 1);} //[40]
//[41]

  /** This method is automatically generated by the Language Level Converter. */
  public NEList(java.lang.Object _first, IList2 _rest) {
    super();
    this._first = _first;
    this._rest = _rest;
  }

  /** This method is automatically generated by the Language Level Converter. */
  public java.lang.Object _first() {
    return _first;
  }

  /** This method is automatically generated by the Language Level Converter. */
  public IList2 _rest() {
    return _rest;
  }

  /** This method is automatically generated by the Language Level Converter. */
  public java.lang.String toString() {
    return getClass().getName() + "(" + 
        _first() + ", " + 
        _rest() + 
        ")";
  }

  /** This method is automatically generated by the Language Level Converter. */
  public boolean equals(java.lang.Object o) {
    if (this == o) {
      return true;
    }
    else if ((o == null) || (! o.getClass().equals(getClass()))) {
      return false;
    }
    else {
      NEList cast = ((NEList) o);
      return (_first() != null && _first().equals(cast._first())) && 
          (_rest() != null && _rest().equals(cast._rest()));
    }
  }

  /** This method is automatically generated by the Language Level Converter. */
  public int hashCode() {
    return getClass().hashCode() ^ 
        (_first() == null ? 0 : _first().hashCode()) ^ 
        (_rest() == null ? 0 : _rest().hashCode());
  }
} //[42]