class SuperClass { //[1]
  //[2]

  /** This method is automatically generated by the Language Level Converter. */
  public SuperClass() {
    super();
  }

  /** This method is automatically generated by the Language Level Converter. */
  public java.lang.String toString() {
    return getClass().getName() + "(" + 
        ")";
  }

  /** This method is automatically generated by the Language Level Converter. */
  public boolean equals(java.lang.Object o) {
    if (this == o) {
      return true;
    }
    else if ((o == null) || (! o.getClass().equals(getClass()))) {
      return false;
    }
    else {
      SuperClass cast = ((SuperClass) o);
      return true;
    }
  }

  /** This method is automatically generated by the Language Level Converter. */
  public int hashCode() {
    return getClass().hashCode();
  }
} //[3]
//[4]
class SubClass extends SuperClass { //[5]
 private final SuperClass s;  //[6]

  /** This method is automatically generated by the Language Level Converter. */
  public SubClass(SuperClass s) {
    super();
    this.s = s;
  }

  /** This method is automatically generated by the Language Level Converter. */
  public SuperClass s() {
    return s;
  }

  /** This method is automatically generated by the Language Level Converter. */
  public java.lang.String toString() {
    return getClass().getName() + "(" + 
        s() + 
        ")";
  }

  /** This method is automatically generated by the Language Level Converter. */
  public boolean equals(java.lang.Object o) {
    if (this == o) {
      return true;
    }
    else if ((o == null) || (! o.getClass().equals(getClass()))) {
      return false;
    }
    else {
      SubClass cast = ((SubClass) o);
      return (s() != null && s().equals(cast.s()));
    }
  }

  /** This method is automatically generated by the Language Level Converter. */
  public int hashCode() {
    return getClass().hashCode() ^ 
        (s() == null ? 0 : s().hashCode());
  }
} //[7]