import junit.framework.TestCase; //[1]
//[2]
public class TestTwo extends TestOne { //[3]
  public void testTwo() { //[4]
    assertTrue(true); //[5]
  } //[6]

  /** This method is automatically generated by the Language Level Converter. */
  public TestTwo() {
    super();
  }

  /** This method is automatically generated by the Language Level Converter. */
  public java.lang.String toString() {
    return getClass().getName() + "(" + 
        ")";
  }

  /** This method is automatically generated by the Language Level Converter. */
  public boolean equals(java.lang.Object o) {
    if (this == o) {
      return true;
    }
    else if ((o == null) || (! o.getClass().equals(getClass()))) {
      return false;
    }
    else {
      TestTwo cast = ((TestTwo) o);
      return true;
    }
  }

  /** This method is automatically generated by the Language Level Converter. */
  public int hashCode() {
    return getClass().hashCode();
  }
} //[7]