//This class tests autoboxing and unboxing. //[1]
class TestingCrazyStuff { //[2]
 public final static Object o = 5;  //[3]
 public final static Object b = true; //[4]
 //[5]
 public Object myMethod() { //[6]
   if (1<2) { //[7]
     return 5; //[8]
   } //[9]
   else { //[10]
     return true; //[11]
   } //[12]
 } //[13]

  /** This method is automatically generated by the Language Level Converter. */
  public TestingCrazyStuff() {
    super();
  }

  /** This method is automatically generated by the Language Level Converter. */
  public java.lang.String toString() {
    return getClass().getName() + "(" + 
        ")";
  }

  /** This method is automatically generated by the Language Level Converter. */
  public boolean equals(java.lang.Object o) {
    if (this == o) {
      return true;
    }
    else if ((o == null) || (! o.getClass().equals(getClass()))) {
      return false;
    }
    else {
      TestingCrazyStuff cast = ((TestingCrazyStuff) o);
      return true;
    }
  }

  /** This method is automatically generated by the Language Level Converter. */
  public int hashCode() {
    return getClass().hashCode();
  }
} //[14]