interface TestInterface1 {
  public abstract int myMethod(); 
}

interface TestInterface2 extends TestInterface1 {
  
}