// Language Level Converter line number map: dj*->java. Entries: 8
//     1->3         2->4         3->5         4->6         5->7         6->8         7->9         8->10   
class AllocatePartialInnerClass {
  MyInnerClass2 c = new MyInnerClass2();
  
  class MyInnerClass2 {
  }
  
  
}
