/* Test that no error is given with implicit call to super constructor */ //[1]
//[2]
class MyParent { //[3]
  MyParent() { //[4]
  } //[5]
//[6]
} //[7]
//[8]
class ChildWithImplicitConstructorCall extends MyParent { //[9]
  ChildWithImplicitConstructorCall() { //[10]
    System.out.println("Made my child"); //[11]
  } //[12]
 //[13]
}
